OpenROAD v2.0-17198-g8396d0866 
Features included (+) or not (-): +Charts +GPU +GUI +Python : None
This program is licensed under the BSD-3 license. See the LICENSE file for details.
Components of this program may be licensed under more restrictive licenses which must be honored.
[WARNING STA-0366] port 'icache_id_i[0]' not found.
Perform port buffering...
[INFO RSZ-0027] Inserted 1194 input buffers.
[INFO RSZ-0028] Inserted 735 output buffers.
Perform buffer insertion...
[INFO RSZ-0058] Using max wire length 640um.
[INFO RSZ-0034] Found 12560 slew violations.
[INFO RSZ-0036] Found 103 capacitance violations.
[INFO RSZ-0037] Found 18 long wires.
[INFO RSZ-0038] Inserted 783 buffers in 12606 nets.
[INFO RSZ-0039] Resized 7858 instances.
Repair tie lo fanout...
[INFO RSZ-0042] Inserted 540 tie LOGIC0_X1_bottom instances.
Repair tie hi fanout...
[INFO RSZ-0042] Inserted 525 tie LOGIC1_X1_bottom instances.
Elapsed time: 0:11.48[h:]min:sec. CPU time: user 11.03 sys 0.36 (99%). Peak memory: 377356KB.
