OpenROAD v2.0-17198-g8396d0866 
Features included (+) or not (-): +Charts +GPU +GUI +Python : None
This program is licensed under the BSD-3 license. See the LICENSE file for details.
Components of this program may be licensed under more restrictive licenses which must be honored.
[WARNING STA-0366] port 'icache_id_i[0]' not found.
[INFO GRT-0020] Min routing layer: metal2
[INFO GRT-0021] Max routing layer: metal20
[INFO GRT-0022] Global adjustment: 0%
[INFO GRT-0023] Grid origin: (0, 0)
[INFO GRT-0043] No OR_DEFAULT vias defined.
[INFO GRT-0088] Layer metal1  Track-Pitch = 0.1400  line-2-Via Pitch: 0.1350
[INFO GRT-0088] Layer metal2  Track-Pitch = 0.1900  line-2-Via Pitch: 0.1400
[INFO GRT-0088] Layer metal3  Track-Pitch = 0.1400  line-2-Via Pitch: 0.1400
[INFO GRT-0088] Layer metal4  Track-Pitch = 0.2800  line-2-Via Pitch: 0.2800
[INFO GRT-0088] Layer metal5  Track-Pitch = 0.2800  line-2-Via Pitch: 0.2800
[INFO GRT-0088] Layer metal6  Track-Pitch = 0.2800  line-2-Via Pitch: 0.2800
[INFO GRT-0088] Layer metal7  Track-Pitch = 0.7985  line-2-Via Pitch: 0.8000
[INFO GRT-0088] Layer metal8  Track-Pitch = 0.7990  line-2-Via Pitch: 0.8000
[INFO GRT-0088] Layer metal9  Track-Pitch = 1.5940  line-2-Via Pitch: 1.6000
[INFO GRT-0088] Layer metal10 Track-Pitch = 1.5960  line-2-Via Pitch: 1.6000
[INFO GRT-0088] Layer metal11 Track-Pitch = 1.5940  line-2-Via Pitch: 1.6000
[INFO GRT-0088] Layer metal12 Track-Pitch = 1.5960  line-2-Via Pitch: 1.6000
[INFO GRT-0088] Layer metal13 Track-Pitch = 0.7985  line-2-Via Pitch: 1.0000
[INFO GRT-0088] Layer metal14 Track-Pitch = 0.7990  line-2-Via Pitch: 0.8000
[INFO GRT-0088] Layer metal15 Track-Pitch = 0.2800  line-2-Via Pitch: 0.4100
[INFO GRT-0088] Layer metal16 Track-Pitch = 0.2800  line-2-Via Pitch: 0.2800
[INFO GRT-0088] Layer metal17 Track-Pitch = 0.2800  line-2-Via Pitch: 0.2800
[INFO GRT-0088] Layer metal18 Track-Pitch = 0.1900  line-2-Via Pitch: 0.1750
[INFO GRT-0088] Layer metal19 Track-Pitch = 0.1400  line-2-Via Pitch: 0.1400
[INFO GRT-0088] Layer metal20 Track-Pitch = 0.1900  line-2-Via Pitch: 0.1350
[INFO GRT-0019] Found 169 clock nets.
[INFO GRT-0001] Minimum degree: 2
[INFO GRT-0002] Maximum degree: 169
[INFO GRT-0003] Macros: 11
[INFO GRT-0043] No OR_DEFAULT vias defined.
[INFO GRT-0004] Blockages: 2854

[INFO GRT-0053] Routing resources analysis:
          Routing      Original      Derated      Resource
Layer     Direction    Resources     Resources    Reduction (%)
---------------------------------------------------------------
metal1     Horizontal          0             0          0.00%
metal2     Vertical       595935        447382          24.93%
metal3     Horizontal     815670        607614          25.51%
metal4     Vertical       379335        278422          26.60%
metal5     Horizontal     380855        378492          0.62%
metal6     Vertical       379335        377682          0.44%
metal7     Horizontal     108775         93264          14.26%
metal8     Vertical       108490        107919          0.53%
metal9     Horizontal      54245         53676          1.05%
metal10    Vertical        54245         53865          0.70%
metal11    Horizontal      54245         53676          1.05%
metal12    Vertical        54245         53865          0.70%
metal13    Horizontal     108775        108204          0.52%
metal14    Vertical       108490        107919          0.53%
metal15    Horizontal     272935        271504          0.52%
metal16    Vertical       379335        378000          0.35%
metal17    Horizontal     380855        209032          45.12%
metal18    Vertical       595935        329238          44.75%
metal19    Horizontal     815670        448288          45.04%
metal20    Vertical       595935        334368          43.89%
---------------------------------------------------------------

[INFO GRT-0197] Via related to pin nodes: 220258
[INFO GRT-0198] Via related Steiner nodes: 7170
[INFO GRT-0199] Via filling finished.
[INFO GRT-0111] Final number of vias: 297479
[INFO GRT-0112] Final usage 3D: 1491056

[INFO GRT-0096] Final congestion report:
Layer         Resource        Demand        Usage (%)    Max H / Max V / Total Overflow
---------------------------------------------------------------------------------------
metal1               0             0            0.00%             0 /  0 /  0
metal2          447382        133613           29.87%             0 /  0 /  0
metal3          607614        171616           28.24%             0 /  0 /  0
metal4          278422         45468           16.33%             0 /  0 /  0
metal5          378492         99285           26.23%             0 /  0 /  0
metal6          377682         62502           16.55%             0 /  0 /  0
metal7           93264         12699           13.62%             0 /  0 /  0
metal8          107919          4408            4.08%             0 /  0 /  0
metal9           53676          5699           10.62%             0 /  0 /  0
metal10          53865          2520            4.68%             0 /  0 /  0
metal11          53676          5225            9.73%             0 /  0 /  0
metal12          53865          4128            7.66%             0 /  0 /  0
metal13         108204          6718            6.21%             0 /  0 /  0
metal14         107919         11387           10.55%             0 /  0 /  0
metal15         271504         18325            6.75%             0 /  0 /  0
metal16         378000          8397            2.22%             0 /  0 /  0
metal17         209032          2830            1.35%             0 /  0 /  0
metal18         329238           413            0.13%             0 /  0 /  0
metal19         448288          2681            0.60%             0 /  0 /  0
metal20         334368           705            0.21%             0 /  0 /  0
---------------------------------------------------------------------------------------
Total          4692410        598619           12.76%             0 /  0 /  0

[INFO GRT-0018] Total wirelength: 1472221 um
[INFO GRT-0014] Routed nets: 31642
[INFO FLW-0007] clock CLK period 1.000000
[INFO FLW-0008] Clock CLK period 2.247
[INFO FLW-0009] Clock CLK slack -1.366
[INFO FLW-0011] Path endpoint count 10400
Elapsed time: 0:17.11[h:]min:sec. CPU time: user 16.39 sys 0.42 (98%). Peak memory: 625456KB.
