OpenROAD v2.0-17198-g8396d0866 
Features included (+) or not (-): +Charts +GPU +GUI +Python : None
This program is licensed under the BSD-3 license. See the LICENSE file for details.
Components of this program may be licensed under more restrictive licenses which must be honored.
[WARNING STA-1212] /workspace/Open3DBench/OpenROAD-3D/flow/platforms/asap7_3D/lib_upper/asap7_SIMPLE_LVT_TT_upper.lib line 13178, timing group from output port.
[WARNING STA-1212] /workspace/Open3DBench/OpenROAD-3D/flow/platforms/asap7_3D/lib_upper/asap7_SIMPLE_LVT_TT_upper.lib line 13211, timing group from output port.
[WARNING STA-1212] /workspace/Open3DBench/OpenROAD-3D/flow/platforms/asap7_3D/lib_upper/asap7_SIMPLE_LVT_TT_upper.lib line 13244, timing group from output port.
[WARNING STA-1212] /workspace/Open3DBench/OpenROAD-3D/flow/platforms/asap7_3D/lib_upper/asap7_SIMPLE_LVT_TT_upper.lib line 13277, timing group from output port.
[WARNING STA-1212] /workspace/Open3DBench/OpenROAD-3D/flow/platforms/asap7_3D/lib_upper/asap7_SIMPLE_LVT_TT_upper.lib line 13310, timing group from output port.
[WARNING STA-1212] /workspace/Open3DBench/OpenROAD-3D/flow/platforms/asap7_3D/lib_upper/asap7_SIMPLE_LVT_TT_upper.lib line 13343, timing group from output port.
[WARNING STA-1212] /workspace/Open3DBench/OpenROAD-3D/flow/platforms/asap7_3D/lib_upper/asap7_SIMPLE_LVT_TT_upper.lib line 13376, timing group from output port.
[WARNING STA-1212] /workspace/Open3DBench/OpenROAD-3D/flow/platforms/asap7_3D/lib_upper/asap7_SIMPLE_LVT_TT_upper.lib line 14772, timing group from output port.
[WARNING STA-1212] /workspace/Open3DBench/OpenROAD-3D/flow/platforms/asap7_3D/lib_upper/asap7_SIMPLE_LVT_TT_upper.lib line 14805, timing group from output port.
[WARNING STA-1212] /workspace/Open3DBench/OpenROAD-3D/flow/platforms/asap7_3D/lib_upper/asap7_SIMPLE_LVT_TT_upper.lib line 14838, timing group from output port.
[WARNING STA-1212] /workspace/Open3DBench/OpenROAD-3D/flow/platforms/asap7_3D/lib_bottom/asap7_SIMPLE_LVT_TT_bottom.lib line 13178, timing group from output port.
[WARNING STA-1212] /workspace/Open3DBench/OpenROAD-3D/flow/platforms/asap7_3D/lib_bottom/asap7_SIMPLE_LVT_TT_bottom.lib line 13211, timing group from output port.
[WARNING STA-1212] /workspace/Open3DBench/OpenROAD-3D/flow/platforms/asap7_3D/lib_bottom/asap7_SIMPLE_LVT_TT_bottom.lib line 13244, timing group from output port.
[WARNING STA-1212] /workspace/Open3DBench/OpenROAD-3D/flow/platforms/asap7_3D/lib_bottom/asap7_SIMPLE_LVT_TT_bottom.lib line 13277, timing group from output port.
[WARNING STA-1212] /workspace/Open3DBench/OpenROAD-3D/flow/platforms/asap7_3D/lib_bottom/asap7_SIMPLE_LVT_TT_bottom.lib line 13310, timing group from output port.
[WARNING STA-1212] /workspace/Open3DBench/OpenROAD-3D/flow/platforms/asap7_3D/lib_bottom/asap7_SIMPLE_LVT_TT_bottom.lib line 13343, timing group from output port.
[WARNING STA-1212] /workspace/Open3DBench/OpenROAD-3D/flow/platforms/asap7_3D/lib_bottom/asap7_SIMPLE_LVT_TT_bottom.lib line 13376, timing group from output port.
[WARNING STA-1212] /workspace/Open3DBench/OpenROAD-3D/flow/platforms/asap7_3D/lib_bottom/asap7_SIMPLE_LVT_TT_bottom.lib line 14772, timing group from output port.
[WARNING STA-1212] /workspace/Open3DBench/OpenROAD-3D/flow/platforms/asap7_3D/lib_bottom/asap7_SIMPLE_LVT_TT_bottom.lib line 14805, timing group from output port.
[WARNING STA-1212] /workspace/Open3DBench/OpenROAD-3D/flow/platforms/asap7_3D/lib_bottom/asap7_SIMPLE_LVT_TT_bottom.lib line 14838, timing group from output port.
[INFO GRT-0020] Min routing layer: M2
[INFO GRT-0021] Max routing layer: M14
[INFO GRT-0022] Global adjustment: 0%
[INFO GRT-0023] Grid origin: (0, 0)
[INFO GRT-0043] No OR_DEFAULT vias defined.
[INFO GRT-0088] Layer M1      Track-Pitch = 0.0360  line-2-Via Pitch: 0.0360
[INFO GRT-0088] Layer M2      Track-Pitch = 0.0390  line-2-Via Pitch: 0.0360
[INFO GRT-0088] Layer M3      Track-Pitch = 0.0360  line-2-Via Pitch: 0.0360
[INFO GRT-0088] Layer M4      Track-Pitch = 0.0480  line-2-Via Pitch: 0.0480
[INFO GRT-0088] Layer M5      Track-Pitch = 0.0480  line-2-Via Pitch: 0.0480
[INFO GRT-0088] Layer M6      Track-Pitch = 0.0640  line-2-Via Pitch: 0.0640
[INFO GRT-0088] Layer M7      Track-Pitch = 0.0640  line-2-Via Pitch: 0.1380
[INFO GRT-0088] Layer M8      Track-Pitch = 0.0640  line-2-Via Pitch: 0.1380
[INFO GRT-0088] Layer M9      Track-Pitch = 0.0480  line-2-Via Pitch: 0.0640
[INFO GRT-0088] Layer M10     Track-Pitch = 0.0480  line-2-Via Pitch: 0.0480
[INFO GRT-0088] Layer M11     Track-Pitch = 0.0360  line-2-Via Pitch: 0.0480
[INFO GRT-0088] Layer M12     Track-Pitch = 0.0360  line-2-Via Pitch: 0.0360
[INFO GRT-0088] Layer M13     Track-Pitch = 0.0360  line-2-Via Pitch: 0.0360
[INFO GRT-0088] Layer M14     Track-Pitch = 0.0360  line-2-Via Pitch: 0.0360
[INFO GRT-0019] Found 27 clock nets.
[INFO GRT-0001] Minimum degree: 2
[INFO GRT-0002] Maximum degree: 76
[INFO GRT-0003] Macros: 0
[INFO GRT-0043] No OR_DEFAULT vias defined.
[INFO GRT-0004] Blockages: 23129

[INFO GRT-0053] Routing resources analysis:
          Routing      Original      Derated      Resource
Layer     Direction    Resources     Resources    Reduction (%)
---------------------------------------------------------------
M1         Vertical            0             0          0.00%
M2         Horizontal      49861         32663          34.49%
M3         Vertical        57325         41340          27.88%
M4         Horizontal      42109         30073          28.58%
M5         Vertical        42018         30060          28.46%
M6         Horizontal      30636         22570          26.33%
M7         Vertical        12014          7920          34.08%
M8         Horizontal      12031          7930          34.09%
M9         Vertical        30858         22740          26.31%
M10        Horizontal      42109         30073          28.58%
M11        Vertical        42445         30360          28.47%
M12        Horizontal      57427         39092          31.93%
M13        Vertical        57325         37778          34.10%
M14        Horizontal      57427         41419          27.88%
---------------------------------------------------------------

[INFO GRT-0197] Via related to pin nodes: 32733
[INFO GRT-0198] Via related Steiner nodes: 2185
[INFO GRT-0199] Via filling finished.
[INFO GRT-0111] Final number of vias: 49683
[INFO GRT-0112] Final usage 3D: 194535

[INFO GRT-0096] Final congestion report:
Layer         Resource        Demand        Usage (%)    Max H / Max V / Total Overflow
---------------------------------------------------------------------------------------
M1                   0             0            0.00%             0 /  0 /  0
M2               32663          8219           25.16%             0 /  0 /  0
M3               41340          9463           22.89%             0 /  0 /  0
M4               30073          6584           21.89%             0 /  0 /  0
M5               30060           642            2.14%             0 /  0 /  0
M6               22570          1494            6.62%             0 /  0 /  0
M7                7920           146            1.84%             0 /  0 /  0
M8                7930           229            2.89%             0 /  0 /  0
M9               22740           220            0.97%             0 /  0 /  0
M10              30073          1046            3.48%             0 /  0 /  0
M11              30360          1541            5.08%             0 /  0 /  0
M12              39092          4968           12.71%             0 /  0 /  0
M13              37778          8143           21.55%             0 /  0 /  0
M14              41419          2791            6.74%             0 /  0 /  0
---------------------------------------------------------------------------------------
Total           374018         45486           12.16%             0 /  0 /  0

[INFO GRT-0018] Total wirelength: 33639 um
[INFO GRT-0014] Routed nets: 4674
[INFO FLW-0007] clock clk period 1000.000000
[INFO FLW-0008] Clock clk period 968.416
[INFO FLW-0009] Clock clk slack -19.385
[INFO FLW-0011] Path endpoint count 1491
Elapsed time: 0:05.80[h:]min:sec. CPU time: user 5.43 sys 0.25 (98%). Peak memory: 496788KB.
