OpenROAD v2.0-17198-g8396d0866 
Features included (+) or not (-): +Charts +GPU +GUI +Python : None
This program is licensed under the BSD-3 license. See the LICENSE file for details.
Components of this program may be licensed under more restrictive licenses which must be honored.
[WARNING STA-1212] /workspace/Open3DBench/OpenROAD-3D/flow/platforms/asap7_3D/lib_upper/asap7_SIMPLE_LVT_TT_upper.lib line 13178, timing group from output port.
[WARNING STA-1212] /workspace/Open3DBench/OpenROAD-3D/flow/platforms/asap7_3D/lib_upper/asap7_SIMPLE_LVT_TT_upper.lib line 13211, timing group from output port.
[WARNING STA-1212] /workspace/Open3DBench/OpenROAD-3D/flow/platforms/asap7_3D/lib_upper/asap7_SIMPLE_LVT_TT_upper.lib line 13244, timing group from output port.
[WARNING STA-1212] /workspace/Open3DBench/OpenROAD-3D/flow/platforms/asap7_3D/lib_upper/asap7_SIMPLE_LVT_TT_upper.lib line 13277, timing group from output port.
[WARNING STA-1212] /workspace/Open3DBench/OpenROAD-3D/flow/platforms/asap7_3D/lib_upper/asap7_SIMPLE_LVT_TT_upper.lib line 13310, timing group from output port.
[WARNING STA-1212] /workspace/Open3DBench/OpenROAD-3D/flow/platforms/asap7_3D/lib_upper/asap7_SIMPLE_LVT_TT_upper.lib line 13343, timing group from output port.
[WARNING STA-1212] /workspace/Open3DBench/OpenROAD-3D/flow/platforms/asap7_3D/lib_upper/asap7_SIMPLE_LVT_TT_upper.lib line 13376, timing group from output port.
[WARNING STA-1212] /workspace/Open3DBench/OpenROAD-3D/flow/platforms/asap7_3D/lib_upper/asap7_SIMPLE_LVT_TT_upper.lib line 14772, timing group from output port.
[WARNING STA-1212] /workspace/Open3DBench/OpenROAD-3D/flow/platforms/asap7_3D/lib_upper/asap7_SIMPLE_LVT_TT_upper.lib line 14805, timing group from output port.
[WARNING STA-1212] /workspace/Open3DBench/OpenROAD-3D/flow/platforms/asap7_3D/lib_upper/asap7_SIMPLE_LVT_TT_upper.lib line 14838, timing group from output port.
[WARNING STA-1212] /workspace/Open3DBench/OpenROAD-3D/flow/platforms/asap7_3D/lib_bottom/asap7_SIMPLE_LVT_TT_bottom.lib line 13178, timing group from output port.
[WARNING STA-1212] /workspace/Open3DBench/OpenROAD-3D/flow/platforms/asap7_3D/lib_bottom/asap7_SIMPLE_LVT_TT_bottom.lib line 13211, timing group from output port.
[WARNING STA-1212] /workspace/Open3DBench/OpenROAD-3D/flow/platforms/asap7_3D/lib_bottom/asap7_SIMPLE_LVT_TT_bottom.lib line 13244, timing group from output port.
[WARNING STA-1212] /workspace/Open3DBench/OpenROAD-3D/flow/platforms/asap7_3D/lib_bottom/asap7_SIMPLE_LVT_TT_bottom.lib line 13277, timing group from output port.
[WARNING STA-1212] /workspace/Open3DBench/OpenROAD-3D/flow/platforms/asap7_3D/lib_bottom/asap7_SIMPLE_LVT_TT_bottom.lib line 13310, timing group from output port.
[WARNING STA-1212] /workspace/Open3DBench/OpenROAD-3D/flow/platforms/asap7_3D/lib_bottom/asap7_SIMPLE_LVT_TT_bottom.lib line 13343, timing group from output port.
[WARNING STA-1212] /workspace/Open3DBench/OpenROAD-3D/flow/platforms/asap7_3D/lib_bottom/asap7_SIMPLE_LVT_TT_bottom.lib line 13376, timing group from output port.
[WARNING STA-1212] /workspace/Open3DBench/OpenROAD-3D/flow/platforms/asap7_3D/lib_bottom/asap7_SIMPLE_LVT_TT_bottom.lib line 14772, timing group from output port.
[WARNING STA-1212] /workspace/Open3DBench/OpenROAD-3D/flow/platforms/asap7_3D/lib_bottom/asap7_SIMPLE_LVT_TT_bottom.lib line 14805, timing group from output port.
[WARNING STA-1212] /workspace/Open3DBench/OpenROAD-3D/flow/platforms/asap7_3D/lib_bottom/asap7_SIMPLE_LVT_TT_bottom.lib line 14838, timing group from output port.
[INFO ORD-0030] Using 112 thread(s).
detailed_route arguments: -droute_end_iter 0
[INFO DRT-0149] Reading tech and libs.
[WARNING DRT-0160] Warning: M9 does not have viaDef aligned with layer direction, generating new viaDef V10_FR.
[WARNING DRT-0160] Warning: M10 does not have viaDef aligned with layer direction, generating new viaDef V11_FR.
[WARNING DRT-0160] Warning: M11 does not have viaDef aligned with layer direction, generating new viaDef V12_FR.
[WARNING DRT-0160] Warning: M12 does not have viaDef aligned with layer direction, generating new viaDef V13_FR.
[WARNING DRT-0160] Warning: M13 does not have viaDef aligned with layer direction, generating new viaDef V14_FR.

Units:                1000
Number of layers:     29
Number of macros:     453
Number of vias:       18
Number of viarulegen: 17

[INFO DRT-0150] Reading design.

Design:                   aes
Die area:                 ( 0 0 ) ( 33840 33336 )
Number of track patterns: 40
Number of DEF vias:       0
Number of components:     4431
Number of terminals:      389
Number of snets:          2
Number of nets:           4674

[INFO DRT-0167] List of default vias:
  Layer V1
    default via: VIA12
  Layer V2
    default via: VIA23
  Layer V3
    default via: VIA34
  Layer V4
    default via: VIA45
  Layer V5
    default via: VIA56
  Layer V6
    default via: VIA67
  Layer UBUMP
    default via: ubumping
  Layer V9
    default via: VIA_M8_M9
  Layer V10
    default via: V10_FR
  Layer V11
    default via: V11_FR
  Layer V12
    default via: V12_FR
  Layer V13
    default via: V13_FR
  Layer V14
    default via: V14_FR
[INFO DRT-0162] Library cell analysis.
[INFO DRT-0163] Instance analysis.
[INFO DRT-0164] Number of unique instances = 323.
[INFO DRT-0168] Init region query.
[INFO DRT-0024]   Complete Active.
[INFO DRT-0024]   Complete V0.
[INFO DRT-0024]   Complete M1.
[INFO DRT-0024]   Complete V1.
[INFO DRT-0024]   Complete M2.
[INFO DRT-0024]   Complete V2.
[INFO DRT-0024]   Complete M3.
[INFO DRT-0024]   Complete V3.
[INFO DRT-0024]   Complete M4.
[INFO DRT-0024]   Complete V4.
[INFO DRT-0024]   Complete M5.
[INFO DRT-0024]   Complete V5.
[INFO DRT-0024]   Complete M6.
[INFO DRT-0024]   Complete V6.
[INFO DRT-0024]   Complete M7.
[INFO DRT-0024]   Complete UBUMP.
[INFO DRT-0024]   Complete M8.
[INFO DRT-0024]   Complete V9.
[INFO DRT-0024]   Complete M9.
[INFO DRT-0024]   Complete V10.
[INFO DRT-0024]   Complete M10.
[INFO DRT-0024]   Complete V11.
[INFO DRT-0024]   Complete M11.
[INFO DRT-0024]   Complete V12.
[INFO DRT-0024]   Complete M12.
[INFO DRT-0024]   Complete V13.
[INFO DRT-0024]   Complete M13.
[INFO DRT-0024]   Complete V14.
[INFO DRT-0024]   Complete M14.
[INFO DRT-0033] Active shape region query size = 0.
[INFO DRT-0033] V0 shape region query size = 0.
[INFO DRT-0033] M1 shape region query size = 18241.
[INFO DRT-0033] V1 shape region query size = 456.
[INFO DRT-0033] M2 shape region query size = 305.
[INFO DRT-0033] V2 shape region query size = 0.
[INFO DRT-0033] M3 shape region query size = 4.
[INFO DRT-0033] V3 shape region query size = 0.
[INFO DRT-0033] M4 shape region query size = 383.
[INFO DRT-0033] V4 shape region query size = 0.
[INFO DRT-0033] M5 shape region query size = 0.
[INFO DRT-0033] V5 shape region query size = 0.
[INFO DRT-0033] M6 shape region query size = 1.
[INFO DRT-0033] V6 shape region query size = 0.
[INFO DRT-0033] M7 shape region query size = 0.
[INFO DRT-0033] UBUMP shape region query size = 0.
[INFO DRT-0033] M8 shape region query size = 0.
[INFO DRT-0033] V9 shape region query size = 0.
[INFO DRT-0033] M9 shape region query size = 0.
[INFO DRT-0033] V10 shape region query size = 0.
[INFO DRT-0033] M10 shape region query size = 0.
[INFO DRT-0033] V11 shape region query size = 0.
[INFO DRT-0033] M11 shape region query size = 0.
[INFO DRT-0033] V12 shape region query size = 0.
[INFO DRT-0033] M12 shape region query size = 1058.
[INFO DRT-0033] V13 shape region query size = 2094.
[INFO DRT-0033] M13 shape region query size = 44960.
[INFO DRT-0033] V14 shape region query size = 0.
[INFO DRT-0033] M14 shape region query size = 0.
[INFO DRT-0165] Start pin access.
[INFO DRT-0076]   Complete 1000 pins.
[INFO DRT-0078]   Complete 1765 pins.
[INFO DRT-0079]   Complete 100 unique inst patterns.
[INFO DRT-0079]   Complete 200 unique inst patterns.
[INFO DRT-0079]   Complete 300 unique inst patterns.
[INFO DRT-0081]   Complete 323 unique inst patterns.
[INFO DRT-0084]   Complete 4170 groups.
#scanned instances     = 4431
#unique  instances     = 323
#stdCellGenAp          = 10079
#stdCellValidPlanarAp  = 155
#stdCellValidViaAp     = 6537
#stdCellPinNoAp        = 0
#stdCellPinCnt         = 17002
#instTermValidViaApCnt = 0
#macroGenAp            = 0
#macroValidPlanarAp    = 0
#macroValidViaAp       = 0
#macroNoAp             = 0
[INFO DRT-0166] Complete pin access.
[INFO DRT-0267] cpu time = 00:01:01, elapsed time = 00:00:01, memory = 350.00 (MB), peak = 350.00 (MB)

[INFO DRT-0157] Number of guides:     70132

[INFO DRT-0169] Post process guides.
[INFO DRT-0176] GCELLGRID X 0 DO 62 STEP 540 ;
[INFO DRT-0177] GCELLGRID Y 0 DO 61 STEP 540 ;
[INFO DRT-0028]   Complete Active.
[INFO DRT-0028]   Complete V0.
[INFO DRT-0028]   Complete M1.
[INFO DRT-0028]   Complete V1.
[INFO DRT-0028]   Complete M2.
[INFO DRT-0028]   Complete V2.
[INFO DRT-0028]   Complete M3.
[INFO DRT-0028]   Complete V3.
[INFO DRT-0028]   Complete M4.
[INFO DRT-0028]   Complete V4.
[INFO DRT-0028]   Complete M5.
[INFO DRT-0028]   Complete V5.
[INFO DRT-0028]   Complete M6.
[INFO DRT-0028]   Complete V6.
[INFO DRT-0028]   Complete M7.
[INFO DRT-0028]   Complete UBUMP.
[INFO DRT-0028]   Complete M8.
[INFO DRT-0028]   Complete V9.
[INFO DRT-0028]   Complete M9.
[INFO DRT-0028]   Complete V10.
[INFO DRT-0028]   Complete M10.
[INFO DRT-0028]   Complete V11.
[INFO DRT-0028]   Complete M11.
[INFO DRT-0028]   Complete V12.
[INFO DRT-0028]   Complete M12.
[INFO DRT-0028]   Complete V13.
[INFO DRT-0028]   Complete M13.
[INFO DRT-0028]   Complete V14.
[INFO DRT-0028]   Complete M14.
[INFO DRT-0178] Init guide query.
[INFO DRT-0035]   Complete Active (guide).
[INFO DRT-0035]   Complete V0 (guide).
[INFO DRT-0035]   Complete M1 (guide).
[INFO DRT-0035]   Complete V1 (guide).
[INFO DRT-0035]   Complete M2 (guide).
[INFO DRT-0035]   Complete V2 (guide).
[INFO DRT-0035]   Complete M3 (guide).
[INFO DRT-0035]   Complete V3 (guide).
[INFO DRT-0035]   Complete M4 (guide).
[INFO DRT-0035]   Complete V4 (guide).
[INFO DRT-0035]   Complete M5 (guide).
[INFO DRT-0035]   Complete V5 (guide).
[INFO DRT-0035]   Complete M6 (guide).
[INFO DRT-0035]   Complete V6 (guide).
[INFO DRT-0035]   Complete M7 (guide).
[INFO DRT-0035]   Complete UBUMP (guide).
[INFO DRT-0035]   Complete M8 (guide).
[INFO DRT-0035]   Complete V9 (guide).
[INFO DRT-0035]   Complete M9 (guide).
[INFO DRT-0035]   Complete V10 (guide).
[INFO DRT-0035]   Complete M10 (guide).
[INFO DRT-0035]   Complete V11 (guide).
[INFO DRT-0035]   Complete M11 (guide).
[INFO DRT-0035]   Complete V12 (guide).
[INFO DRT-0035]   Complete M12 (guide).
[INFO DRT-0035]   Complete V13 (guide).
[INFO DRT-0035]   Complete M13 (guide).
[INFO DRT-0035]   Complete V14 (guide).
[INFO DRT-0035]   Complete M14 (guide).
[INFO DRT-0036] Active guide region query size = 0.
[INFO DRT-0036] V0 guide region query size = 0.
[INFO DRT-0036] M1 guide region query size = 4070.
[INFO DRT-0036] V1 guide region query size = 0.
[INFO DRT-0036] M2 guide region query size = 3986.
[INFO DRT-0036] V2 guide region query size = 0.
[INFO DRT-0036] M3 guide region query size = 3163.
[INFO DRT-0036] V3 guide region query size = 0.
[INFO DRT-0036] M4 guide region query size = 3149.
[INFO DRT-0036] V4 guide region query size = 0.
[INFO DRT-0036] M5 guide region query size = 2999.
[INFO DRT-0036] V5 guide region query size = 0.
[INFO DRT-0036] M6 guide region query size = 2991.
[INFO DRT-0036] V6 guide region query size = 0.
[INFO DRT-0036] M7 guide region query size = 2995.
[INFO DRT-0036] UBUMP guide region query size = 0.
[INFO DRT-0036] M8 guide region query size = 2992.
[INFO DRT-0036] V9 guide region query size = 0.
[INFO DRT-0036] M9 guide region query size = 2996.
[INFO DRT-0036] V10 guide region query size = 0.
[INFO DRT-0036] M10 guide region query size = 2999.
[INFO DRT-0036] V11 guide region query size = 0.
[INFO DRT-0036] M11 guide region query size = 3081.
[INFO DRT-0036] V12 guide region query size = 0.
[INFO DRT-0036] M12 guide region query size = 3988.
[INFO DRT-0036] V13 guide region query size = 0.
[INFO DRT-0036] M13 guide region query size = 10208.
[INFO DRT-0036] V14 guide region query size = 0.
[INFO DRT-0036] M14 guide region query size = 1594.
[INFO DRT-0179] Init gr pin query.
[INFO DRT-0267] cpu time = 00:00:01, elapsed time = 00:00:00, memory = 365.75 (MB), peak = 365.75 (MB)
[INFO DRT-0245] skipped writing guide updates to database.
[INFO DRT-0185] Post process initialize RPin region query.
[INFO DRT-0181] Start track assignment.
[INFO DRT-0184] Done with 29512 vertical wires in 2 frboxes and 21699 horizontal wires in 2 frboxes.
[INFO DRT-0186] Done with 8297 vertical wires in 2 frboxes and 3183 horizontal wires in 2 frboxes.
[INFO DRT-0182] Complete track assignment.
[INFO DRT-0267] cpu time = 00:00:04, elapsed time = 00:00:03, memory = 466.96 (MB), peak = 466.96 (MB)
[INFO DRT-0187] Start routing data preparation.
[INFO DRT-0267] cpu time = 00:00:00, elapsed time = 00:00:00, memory = 466.96 (MB), peak = 466.96 (MB)
[INFO DRT-0194] Start detail routing.
[INFO DRT-0195] Start 0th optimization iteration.
    Completing 10% with 0 violations.
    elapsed time = 00:00:02, memory = 1958.79 (MB).
    Completing 20% with 0 violations.
    elapsed time = 00:00:06, memory = 1479.21 (MB).
    Completing 30% with 0 violations.
    elapsed time = 00:00:20, memory = 788.12 (MB).
    Completing 40% with 3477 violations.
    elapsed time = 00:00:28, memory = 2350.84 (MB).
    Completing 50% with 3477 violations.
    elapsed time = 00:00:34, memory = 1618.10 (MB).
    Completing 60% with 7242 violations.
    elapsed time = 00:00:52, memory = 3424.81 (MB).
    Completing 70% with 7242 violations.
    elapsed time = 00:01:00, memory = 2707.27 (MB).
    Completing 80% with 7242 violations.
    elapsed time = 00:01:11, memory = 1558.75 (MB).
    Completing 90% with 11014 violations.
    elapsed time = 00:01:23, memory = 3227.47 (MB).
    Completing 100% with 14479 violations.
    elapsed time = 00:01:40, memory = 1925.31 (MB).
[INFO DRT-0199]   Number of violations = 17328.
Viol/Layer          M1     V1     M2     V2     M3     V3     M4     V4     M5     M6     M7  UBUMP     M8     M9    V10    M10    M11    V12    M12    V13    M13    V14    M14
Corner Spacing       0      0      6      0     26      0     52      0     40      1     94      0     94      0      0     59     11      0    185      0    175      0    509
Cut Spacing          0      0      0      0      0      0      0      0      0      0      0   1610      0      0      0      0      0      0      0      1      0      1      0
CutSpcTbl            0      0      0      0      0      6      0      7      0      0      0      0      0      0      4      0      0     14      0      0      0      0      0
EOL                  0      0      3      0      2      0      4      0      1      0      0      0      3      0      0      2     22      0      4      0    223      0      0
Lef58Enclosure       0      0      0      0      0      0      0      0      0      0      0      0      1      0      0      0      0      0      0      0      0      0      0
Metal Spacing        0      0      4      0      4      0      2      0      1      0    126      0    201      3      0      1      9      0      7      0    554      0   1175
NS Metal             0      0      0      0      0      0      0      0      0      0      0      0      0      0      0      0      0      0      0      0      1      0      0
Recheck             15      0    184      0    208      0    165      0    174    143     63      0    126    175      0    169    333      0    398      0    439      0    257
Rect Only            0      0      0      0      0      0      0      0      0      0    971      0   4557      0      0      0      0      0      0      0    267      0      0
Short                1      1      2      5      0      1      0      0      0      0      6      2      9      6      0      0     15     32     16     42   1309     28   1321
eolKeepOut           0      0     18      0     12      0     12      0      9      0      0      0      6      8      0      6     92      0     24      0    453      0      0
[INFO DRT-0267] cpu time = 00:12:44, elapsed time = 00:01:41, memory = 2656.81 (MB), peak = 4227.50 (MB)
Total wire length = 26070 um.
Total wire length on LAYER M1 = 24 um.
Total wire length on LAYER M2 = 1701 um.
Total wire length on LAYER M3 = 2489 um.
Total wire length on LAYER M4 = 3428 um.
Total wire length on LAYER M5 = 575 um.
Total wire length on LAYER M6 = 1123 um.
Total wire length on LAYER M7 = 148 um.
Total wire length on LAYER M8 = 291 um.
Total wire length on LAYER M9 = 450 um.
Total wire length on LAYER M10 = 606 um.
Total wire length on LAYER M11 = 3700 um.
Total wire length on LAYER M12 = 4000 um.
Total wire length on LAYER M13 = 2462 um.
Total wire length on LAYER M14 = 5065 um.
Total number of vias = 76800.
Up-via summary (total 76800):

----------------
 Active        0
     M1     4643
     M2     5963
     M3     3199
     M4     3201
     M5     3135
     M6     3005
     M7     2978
     M8     3078
     M9     3180
    M10     3145
    M11     9368
    M12     8909
    M13    22996
----------------
           76800


[INFO DRT-0198] Complete detail routing.
Total wire length = 26070 um.
Total wire length on LAYER M1 = 24 um.
Total wire length on LAYER M2 = 1701 um.
Total wire length on LAYER M3 = 2489 um.
Total wire length on LAYER M4 = 3428 um.
Total wire length on LAYER M5 = 575 um.
Total wire length on LAYER M6 = 1123 um.
Total wire length on LAYER M7 = 148 um.
Total wire length on LAYER M8 = 291 um.
Total wire length on LAYER M9 = 450 um.
Total wire length on LAYER M10 = 606 um.
Total wire length on LAYER M11 = 3700 um.
Total wire length on LAYER M12 = 4000 um.
Total wire length on LAYER M13 = 2462 um.
Total wire length on LAYER M14 = 5065 um.
Total number of vias = 76800.
Up-via summary (total 76800):

----------------
 Active        0
     M1     4643
     M2     5963
     M3     3199
     M4     3201
     M5     3135
     M6     3005
     M7     2978
     M8     3078
     M9     3180
    M10     3145
    M11     9368
    M12     8909
    M13    22996
----------------
           76800


[INFO DRT-0267] cpu time = 00:12:44, elapsed time = 00:01:41, memory = 2656.81 (MB), peak = 4227.50 (MB)

[INFO DRT-0180] Post processing.
Elapsed time: 1:49.77[h:]min:sec. CPU time: user 828.18 sys 8.64 (762%). Peak memory: 4328964KB.
